facilityCode,createdDate,productName,productCode,orderedQuantity
FacilityCode,2016-08-27T11:30,product,productCode,1000
